== Patching UniversalDataTable renderCellValue safely ==
Patched renderCellValue successfully.

Patch exit code: 0

== Verify patch ==
Verified UniversalDataTable React element rendering fix.

Verify exit code: 0

== Frontend build ==

> sms-core@0.1.0 build
> next build

▲ Next.js 16.2.9 (Turbopack)
- Environments: .env.local

  Creating an optimized production build ...
✓ Compiled successfully in 13.5s
  Running TypeScript ...
  Finished TypeScript in 14.5s ...
  Collecting page data using 7 workers ...
  Generating static pages using 7 workers (0/21) ...
  Generating static pages using 7 workers (5/21) 
  Generating static pages using 7 workers (10/21) 
  Generating static pages using 7 workers (15/21) 
✓ Generating static pages using 7 workers (21/21) in 1059ms
  Finalizing page optimization ...

Route (app)
┌ ○ /
├ ○ /_not-found
├ ○ /communication
├ ○ /dashboard
├ ƒ /finance
├ ○ /login
├ ○ /operations
├ ○ /operations/attendance
├ ○ /reporting
├ ○ /staff
├ ○ /staff/add
├ ○ /staff/departure
├ ○ /students
├ ƒ /students/[id]/attendance
├ ○ /students/add
├ ○ /students/departure
├ ○ /students/gradebook
├ ○ /teachers
├ ○ /teachers/add
└ ○ /teachers/departure


ƒ Proxy (Middleware)

○  (Static)   prerendered as static content
ƒ  (Dynamic)  server-rendered on demand


Build exit code: 0

== Restarting frontend container ==
time="2026-07-27T19:43:34Z" level=warning msg="Docker Compose is configured to build using Bake, but buildx isn't installed"
#0 building with "default" instance using docker driver

#1 [backend internal] load build definition from Dockerfile
#1 transferring dockerfile: 2.23kB done
#1 DONE 0.0s

#2 [backend internal] load metadata for docker.io/library/node:20-alpine
#2 DONE 0.0s

#3 [backend internal] load .dockerignore
#3 transferring context: 410B done
#3 DONE 0.0s

#4 [backend internal] load build context
#4 DONE 0.0s

#5 [backend builder  1/13] FROM docker.io/library/node:20-alpine@sha256:fb4cd12c85ee03686f6af5362a0b0d56d50c58a04632e6c0fb8363f609372293
#5 resolve docker.io/library/node:20-alpine@sha256:fb4cd12c85ee03686f6af5362a0b0d56d50c58a04632e6c0fb8363f609372293 0.0s done
#5 DONE 0.0s

#4 [backend internal] load build context
#4 transferring context: 9.32kB 0.0s done
#4 DONE 0.0s

#6 [backend builder  7/13] RUN npx prisma generate
#6 CACHED

#7 [backend builder  2/13] WORKDIR /app
#7 CACHED

#8 [backend builder 13/13] RUN npm prune --production
#8 CACHED

#9 [backend builder  6/13] COPY prisma ./prisma/
#9 CACHED

#10 [backend runner  6/12] COPY --from=builder --chown=appuser:appgroup /tmp/prisma-cli ./node_modules/prisma
#10 CACHED

#11 [backend runner  2/12] RUN apk add --no-cache openssl wget libc6-compat
#11 CACHED

#12 [backend runner  8/12] COPY --from=builder --chown=appuser:appgroup /app/prisma ./prisma
#12 CACHED

#13 [backend runner  9/12] COPY --from=builder --chown=appuser:appgroup /app/dist ./dist
#13 CACHED

#14 [backend builder 10/13] RUN npm run build
#14 CACHED

#15 [backend builder  3/13] RUN apk add --no-cache openssl
#15 CACHED

#16 [backend runner 10/12] COPY --from=builder --chown=appuser:appgroup /app/dist-seed ./dist-seed
#16 CACHED

#17 [backend builder  4/13] COPY package.json package-lock.json ./
#17 CACHED

#18 [backend builder  9/13] COPY src ./src/
#18 CACHED

#19 [backend runner 11/12] COPY --chown=appuser:appgroup docker-entrypoint.sh ./docker-entrypoint.sh
#19 CACHED

#20 [backend runner  5/12] COPY --from=builder --chown=appuser:appgroup /app/node_modules ./node_modules
#20 CACHED

#21 [backend builder  5/13] RUN npm ci
#21 CACHED

#22 [backend runner  7/12] COPY --from=builder --chown=appuser:appgroup /app/package.json ./package.json
#22 CACHED

#23 [backend builder 11/13] RUN npx tsc --project tsconfig.seed.json && npx tsc-alias --project tsconfig.seed.json
#23 CACHED

#24 [backend builder  8/13] COPY tsconfig.json tsconfig.seed.json ./
#24 CACHED

#25 [backend builder 12/13] RUN cp -r node_modules/prisma /tmp/prisma-cli
#25 CACHED

#26 [backend runner  3/12] RUN addgroup -S appgroup && adduser -S appuser -G appgroup
#26 CACHED

#27 [backend runner  4/12] WORKDIR /app
#27 CACHED

#28 [backend runner 12/12] RUN chmod +x docker-entrypoint.sh
#28 CACHED

#29 [backend] exporting to image
#29 exporting layers done
#29 exporting manifest sha256:1c427903d36d53e8b1283e9faa9b178de6162c53148651874e423c6533c45586 done
#29 exporting config sha256:9d8febbe5c057af78e32e4e67b6b3b27a9b95ec6762ec55aba99c62e9987ed99 done
#29 exporting attestation manifest sha256:98213d9e07639301aa320c6c919992674a812ac67b9cf3dbff52212894d07a5b 0.0s done
#29 exporting manifest list sha256:5c6f6887ce0db1f63dd9b65652af33d5c1eca657f2537371e6ee8ec17600085f done
#29 naming to docker.io/library/sms-monorepo-backend:latest done
#29 unpacking to docker.io/library/sms-monorepo-backend:latest 0.0s done
#29 DONE 0.2s

#30 [backend] resolving provenance for metadata file
#30 DONE 0.0s

#31 [frontend internal] load build definition from Dockerfile
#31 transferring dockerfile: 1.98kB done
#31 DONE 0.0s

#32 [frontend internal] load metadata for docker.io/library/node:20-slim
#32 DONE 0.0s

#2 [frontend internal] load metadata for docker.io/library/node:20-alpine
#2 DONE 0.0s

#33 [frontend internal] load .dockerignore
#33 transferring context: 581B done
#33 DONE 0.0s

#5 [frontend runner 1/7] FROM docker.io/library/node:20-alpine@sha256:fb4cd12c85ee03686f6af5362a0b0d56d50c58a04632e6c0fb8363f609372293
#5 resolve docker.io/library/node:20-alpine@sha256:fb4cd12c85ee03686f6af5362a0b0d56d50c58a04632e6c0fb8363f609372293 0.0s done
#5 DONE 0.1s

#34 [frontend builder 1/7] FROM docker.io/library/node:20-slim@sha256:2cf067cfed83d5ea958367df9f966191a942351a2df77d6f0193e162b5febfc0
#34 resolve docker.io/library/node:20-slim@sha256:2cf067cfed83d5ea958367df9f966191a942351a2df77d6f0193e162b5febfc0 0.0s done
#34 DONE 0.0s

#35 [frontend internal] load build context
#35 transferring context: 15.34kB 0.0s done
#35 DONE 0.0s

#36 [frontend builder 2/7] WORKDIR /app
#36 CACHED

#37 [frontend builder 3/7] COPY package.json package-lock.json ./
#37 CACHED

#38 [frontend builder 4/7] RUN npm ci
#38 CACHED

#39 [frontend builder 5/7] COPY . .
#39 DONE 0.1s

#40 [frontend builder 6/7] RUN mkdir -p public
#40 DONE 0.5s

#41 [frontend builder 7/7] RUN npm run build
#41 0.725 
#41 0.725 > sms-core@0.1.0 build
#41 0.725 > next build
#41 0.725 
#41 1.696 Attention: Next.js now collects completely anonymous telemetry regarding usage.
#41 1.697 This information is used to shape Next.js' roadmap and prioritize features.
#41 1.697 You can learn more, including how to opt-out if you'd not like to participate in this anonymous program, by visiting the following URL:
#41 1.697 https://nextjs.org/telemetry
#41 1.697 
#41 1.728 ▲ Next.js 16.2.9 (Turbopack)
#41 1.728 
#41 1.896   Creating an optimized production build ...
#41 15.24 ✓ Compiled successfully in 12.9s
#41 15.25   Running TypeScript ...
#41 31.43   Finished TypeScript in 16.2s ...
#41 31.44   Collecting page data using 7 workers ...
#41 32.68   Generating static pages using 7 workers (0/21) ...
#41 33.40   Generating static pages using 7 workers (5/21) 
#41 33.72   Generating static pages using 7 workers (10/21) 
#41 33.72   Generating static pages using 7 workers (15/21) 
#41 33.88 ✓ Generating static pages using 7 workers (21/21) in 1198ms
#41 33.89   Finalizing page optimization ...
#41 34.25 
#41 34.25 Route (app)
#41 34.25 ┌ ○ /
#41 34.25 ├ ○ /_not-found
#41 34.25 ├ ○ /communication
#41 34.25 ├ ○ /dashboard
#41 34.25 ├ ƒ /finance
#41 34.25 ├ ○ /login
#41 34.25 ├ ○ /operations
#41 34.25 ├ ○ /operations/attendance
#41 34.25 ├ ○ /reporting
#41 34.25 ├ ○ /staff
#41 34.25 ├ ○ /staff/add
#41 34.25 ├ ○ /staff/departure
#41 34.25 ├ ○ /students
#41 34.25 ├ ƒ /students/[id]/attendance
#41 34.25 ├ ○ /students/add
#41 34.25 ├ ○ /students/departure
#41 34.25 ├ ○ /students/gradebook
#41 34.25 ├ ○ /teachers
#41 34.25 ├ ○ /teachers/add
#41 34.25 └ ○ /teachers/departure
#41 34.25 
#41 34.25 
#41 34.25 ƒ Proxy (Middleware)
#41 34.25 
#41 34.25 ○  (Static)   prerendered as static content
#41 34.25 ƒ  (Dynamic)  server-rendered on demand
#41 34.25 
#41 DONE 34.6s

#42 [frontend runner 2/7] RUN apk add --no-cache wget
#42 CACHED

#43 [frontend runner 3/7] RUN addgroup -S appgroup && adduser -S appuser -G appgroup
#43 CACHED

#44 [frontend runner 4/7] WORKDIR /app
#44 CACHED

#45 [frontend runner 5/7] COPY --from=builder --chown=appuser:appgroup /app/.next/standalone ./
#45 DONE 0.4s

#46 [frontend runner 6/7] COPY --from=builder --chown=appuser:appgroup /app/.next/static ./.next/static
#46 DONE 0.1s

#47 [frontend runner 7/7] COPY --from=builder --chown=appuser:appgroup /app/public ./public
#47 DONE 0.0s

#48 [frontend] exporting to image
#48 exporting layers
#48 exporting layers 4.4s done
#48 exporting manifest sha256:6a4f7e35166f75ff47c8d5ad9b42c73781ef4402b45308ea70654829bec6f188 0.0s done
#48 exporting config sha256:e55b57e5fec0763ec17815510c1cedd8790ce5d7a99bab4a3378e6180d5a15c3 done
#48 exporting attestation manifest sha256:cecf65304e71ea79f925c83098e40a4e9dc59a0ffcceea9dab2a20282cac8548 0.0s done
#48 exporting manifest list sha256:c452e4bea2830d079adba8bdbc903e26e961ba2b61dc510e27a5e9af81286b8b done
#48 naming to docker.io/library/sms-monorepo-frontend:latest done
#48 unpacking to docker.io/library/sms-monorepo-frontend:latest
#48 unpacking to docker.io/library/sms-monorepo-frontend:latest 0.9s done
#48 DONE 5.4s

#49 [frontend] resolving provenance for metadata file
#49 DONE 0.0s
 backend  Built
 frontend  Built
 Container sms-monorepo-postgres-1  Running
 Container sms-monorepo-backend-1  Recreate
 Container sms-monorepo-backend-1  Recreated
 Container sms-monorepo-frontend-1  Recreate
 Container sms-monorepo-frontend-1  Recreated
 Container sms-monorepo-postgres-1  Waiting
 Container sms-monorepo-postgres-1  Healthy
 Container sms-monorepo-backend-1  Starting
 Container sms-monorepo-backend-1  Started
 Container sms-monorepo-backend-1  Waiting
 Container sms-monorepo-backend-1  Healthy
 Container sms-monorepo-frontend-1  Starting
 Container sms-monorepo-frontend-1  Started

Restart exit code: 0

== Compose status ==
NAME                      IMAGE                   COMMAND                  SERVICE    CREATED         STATUS                                     PORTS
sms-monorepo-backend-1    sms-monorepo-backend    "./docker-entrypoint…"   backend    7 seconds ago   Up 6 seconds (healthy)                     127.0.0.1:5000->5000/tcp
sms-monorepo-frontend-1   sms-monorepo-frontend   "docker-entrypoint.s…"   frontend   7 seconds ago   Up Less than a second (health: starting)   0.0.0.0:3000->3000/tcp, [::]:3000->3000/tcp
sms-monorepo-postgres-1   postgres:16-alpine      "docker-entrypoint.s…"   postgres   4 hours ago     Up 4 hours (healthy)                       5432/tcp
